// Jest Snapshot v1, https://goo.gl/fbAQLP

exports[`<Popover/> should render a <Popover/> components 1`] = `
<div>
  <div
    class="cuke-popover"
  >
    <div
      class="cuke-tooltip"
    >
      <div
        class="cuke-tooltip-wrapper cuke-tooltip-position-top cuke-tooltip-light cuke-popover-wrapper cuke-tooltip-hide cuke-ui-no-animate"
        style="left:0;top:0"
      >
        <div
          class="cuke-popover-title"
        >
          黄瓜ui
        </div>
        <div
          class="cuke-popover-content"
        >
          11
        </div>
      </div>
      <span
        class="cuke-tooltip-trigger-wrapper"
      >
        <span>
           鼠标放上来 
        </span>
      </span>
    </div>
  </div>
  <div
    class="cuke-popover"
  >
    <div
      class="cuke-tooltip"
    >
      <div
        class="cuke-tooltip-wrapper cuke-tooltip-position-top cuke-tooltip-light cuke-popover-wrapper cuke-tooltip-hide cuke-ui-no-animate"
        style="left:0;top:0"
      >
        <div
          class="cuke-popover-title"
        >
          黄瓜ui
        </div>
        <div
          class="cuke-popover-content"
        >
          11
        </div>
      </div>
      <span
        class="cuke-tooltip-trigger-wrapper"
      >
        <button
          class="cuke-button cuke-button-default cuke-button-normal"
          type="button"
        >
          <span>
            上
          </span>
        </button>
      </span>
    </div>
  </div>
  <div
    class="cuke-popover"
  >
    <div
      class="cuke-tooltip"
    >
      <div
        class="cuke-tooltip-wrapper cuke-tooltip-position-bottom cuke-tooltip-light cuke-popover-wrapper cuke-tooltip-hide cuke-ui-no-animate"
        style="left:0;top:0"
      >
        <div
          class="cuke-popover-title"
        >
          黄瓜ui
        </div>
        <div
          class="cuke-popover-content"
        >
          11
        </div>
      </div>
      <span
        class="cuke-tooltip-trigger-wrapper"
      >
        <button
          class="cuke-button cuke-button-default cuke-button-normal"
          type="button"
        >
          <span>
            下
          </span>
        </button>
      </span>
    </div>
  </div>
  <div
    class="cuke-popover"
  >
    <div
      class="cuke-tooltip"
    >
      <div
        class="cuke-tooltip-wrapper cuke-tooltip-position-left cuke-tooltip-light cuke-popover-wrapper cuke-tooltip-hide cuke-ui-no-animate"
        style="left:0;top:0"
      >
        <div
          class="cuke-popover-title"
        >
          黄瓜ui
        </div>
        <div
          class="cuke-popover-content"
        >
          11
        </div>
      </div>
      <span
        class="cuke-tooltip-trigger-wrapper"
      >
        <button
          class="cuke-button cuke-button-default cuke-button-normal"
          type="button"
        >
          <span>
            左
          </span>
        </button>
      </span>
    </div>
  </div>
  <div
    class="cuke-popover"
  >
    <div
      class="cuke-tooltip"
    >
      <div
        class="cuke-tooltip-wrapper cuke-tooltip-position-right cuke-tooltip-light cuke-popover-wrapper cuke-tooltip-hide cuke-ui-no-animate"
        style="left:0;top:0"
      >
        <div
          class="cuke-popover-title"
        >
          黄瓜ui
        </div>
      </div>
      <span
        class="cuke-tooltip-trigger-wrapper"
      >
        <button
          class="cuke-button cuke-button-default cuke-button-normal"
          type="button"
        >
          <span>
            右
          </span>
        </button>
      </span>
    </div>
  </div>
</div>
`;

exports[`<Popover/> should render custom position 1`] = `
<div>
  <Popover
    disabled={false}
    hiddenArrow={false}
    onVisibleChange={[Function]}
    position="top"
    prefixCls="cuke-popover"
    theme="light"
    title="黄瓜ui"
    trigger="hover"
  >
    <Button
      block={false}
      circle={false}
      dashed={false}
      disabled={false}
      hollow={false}
      href=""
      htmlType="button"
      loading={false}
      prefixCls="cuke-button"
      size="default"
      type="default"
    >
      上
    </Button>
  </Popover>
  <Popover
    disabled={false}
    hiddenArrow={false}
    onVisibleChange={[Function]}
    position="bottom"
    prefixCls="cuke-popover"
    theme="light"
    title="黄瓜ui"
    trigger="hover"
  >
    <Button
      block={false}
      circle={false}
      dashed={false}
      disabled={false}
      hollow={false}
      href=""
      htmlType="button"
      loading={false}
      prefixCls="cuke-button"
      size="default"
      type="default"
    >
      下
    </Button>
  </Popover>
  <Popover
    disabled={false}
    hiddenArrow={false}
    onVisibleChange={[Function]}
    position="left"
    prefixCls="cuke-popover"
    theme="light"
    title="黄瓜ui"
    trigger="hover"
  >
    <Button
      block={false}
      circle={false}
      dashed={false}
      disabled={false}
      hollow={false}
      href=""
      htmlType="button"
      loading={false}
      prefixCls="cuke-button"
      size="default"
      type="default"
    >
      左
    </Button>
  </Popover>
  <Popover
    disabled={false}
    hiddenArrow={false}
    onVisibleChange={[Function]}
    position="right"
    prefixCls="cuke-popover"
    theme="light"
    title="黄瓜ui"
    trigger="hover"
  >
    <Button
      block={false}
      circle={false}
      dashed={false}
      disabled={false}
      hollow={false}
      href=""
      htmlType="button"
      loading={false}
      prefixCls="cuke-button"
      size="default"
      type="default"
    >
      右
    </Button>
  </Popover>
</div>
`;
