// Jest Snapshot v1, https://goo.gl/fbAQLP

exports[`<DatePicker/> should can not render any text when not show prev and next month day  1`] = `
<div
  className="cuke-date-picker cuke-date-picker-position-bottom"
  onChange={[Function]}
  value={"2018-11-24T16:00:00.000Z"}
>
  <div
    className="cuke-date-picker-inner"
  >
    <Input
      className="cuke-date-picker-input"
      disabled={false}
      onChange={[Function]}
      onClick={[Function]}
      placeholder="请选择"
      prefixCls="cuke-input"
      readonly={true}
      type="text"
      value="2018-11-25"
    />
    <DownIcon
      className="cuke-date-picker-arrow"
    />
  </div>
  <div
    className="cuke-date-picker-content cuke-date-picker-close cuke-ui-no-animate"
    style={
      Object {
        "left": undefined,
        "top": undefined,
      }
    }
  >
    <Spin
      indicator={<LoadingIcon />}
      prefixCls="cuke-spin"
      size="large"
      spinning={false}
      tip=""
    >
      <div
        className="cuke-date-picker-header"
      >
        <span
          className="cuke-date-picker-date"
        >
          2018
          年 
            
          11
          月
        </span>
        <span
          className="cuke-date-picker-switch"
        >
          <span
            className="cuke-date-picker-switch-group"
            onClick={[Function]}
          >
            <ArrowLeftIcon />
          </span>
          <span
            className="cuke-date-picker-switch-group"
            onClick={[Function]}
          >
            <ArrowRightIcon />
          </span>
        </span>
      </div>
      <div
        className="cuke-date-picker-items"
      >
        <div>
          <span
            className="cuke-date-picker-item cuke-date-picker-day-title"
            key="Su"
          >
            Su
          </span>
          <span
            className="cuke-date-picker-item cuke-date-picker-day-title"
            key="Mo"
          >
            Mo
          </span>
          <span
            className="cuke-date-picker-item cuke-date-picker-day-title"
            key="Tu"
          >
            Tu
          </span>
          <span
            className="cuke-date-picker-item cuke-date-picker-day-title"
            key="We"
          >
            We
          </span>
          <span
            className="cuke-date-picker-item cuke-date-picker-day-title"
            key="Th"
          >
            Th
          </span>
          <span
            className="cuke-date-picker-item cuke-date-picker-day-title"
            key="Fr"
          >
            Fr
          </span>
          <span
            className="cuke-date-picker-item cuke-date-picker-day-title"
            key="Sa"
          >
            Sa
          </span>
        </div>
        <span
          className="cuke-date-picker-item cuke-date-picker-last-month"
          key="first-date-0"
          onClick={[Function]}
        />
        <span
          className="cuke-date-picker-item cuke-date-picker-last-month"
          key="first-date-1"
          onClick={[Function]}
        />
        <span
          className="cuke-date-picker-item cuke-date-picker-last-month"
          key="first-date-2"
          onClick={[Function]}
        />
        <span
          className="cuke-date-picker-item cuke-date-picker-last-month"
          key="first-date-3"
          onClick={[Function]}
        />
        <span
          className="cuke-date-picker-item cuke-date-picker-current-month"
          key="current-date-0"
          onClick={[Function]}
        >
          1
        </span>
        <span
          className="cuke-date-picker-item cuke-date-picker-current-month"
          key="current-date-1"
          onClick={[Function]}
        >
          2
        </span>
        <span
          className="cuke-date-picker-item cuke-date-picker-current-month"
          key="current-date-2"
          onClick={[Function]}
        >
          3
        </span>
        <span
          className="cuke-date-picker-item cuke-date-picker-current-month"
          key="current-date-3"
          onClick={[Function]}
        >
          4
        </span>
        <span
          className="cuke-date-picker-item cuke-date-picker-current-month"
          key="current-date-4"
          onClick={[Function]}
        >
          5
        </span>
        <span
          className="cuke-date-picker-item cuke-date-picker-current-month"
          key="current-date-5"
          onClick={[Function]}
        >
          6
        </span>
        <span
          className="cuke-date-picker-item cuke-date-picker-current-month"
          key="current-date-6"
          onClick={[Function]}
        >
          7
        </span>
        <span
          className="cuke-date-picker-item cuke-date-picker-current-month"
          key="current-date-7"
          onClick={[Function]}
        >
          8
        </span>
        <span
          className="cuke-date-picker-item cuke-date-picker-current-month"
          key="current-date-8"
          onClick={[Function]}
        >
          9
        </span>
        <span
          className="cuke-date-picker-item cuke-date-picker-current-month"
          key="current-date-9"
          onClick={[Function]}
        >
          10
        </span>
        <span
          className="cuke-date-picker-item cuke-date-picker-current-month"
          key="current-date-10"
          onClick={[Function]}
        >
          11
        </span>
        <span
          className="cuke-date-picker-item cuke-date-picker-current-month"
          key="current-date-11"
          onClick={[Function]}
        >
          12
        </span>
        <span
          className="cuke-date-picker-item cuke-date-picker-current-month"
          key="current-date-12"
          onClick={[Function]}
        >
          13
        </span>
        <span
          className="cuke-date-picker-item cuke-date-picker-current-month"
          key="current-date-13"
          onClick={[Function]}
        >
          14
        </span>
        <span
          className="cuke-date-picker-item cuke-date-picker-current-month"
          key="current-date-14"
          onClick={[Function]}
        >
          15
        </span>
        <span
          className="cuke-date-picker-item cuke-date-picker-current-month"
          key="current-date-15"
          onClick={[Function]}
        >
          16
        </span>
        <span
          className="cuke-date-picker-item cuke-date-picker-current-month"
          key="current-date-16"
          onClick={[Function]}
        >
          17
        </span>
        <span
          className="cuke-date-picker-item cuke-date-picker-current-month"
          key="current-date-17"
          onClick={[Function]}
        >
          18
        </span>
        <span
          className="cuke-date-picker-item cuke-date-picker-current-month"
          key="current-date-18"
          onClick={[Function]}
        >
          19
        </span>
        <span
          className="cuke-date-picker-item cuke-date-picker-current-month"
          key="current-date-19"
          onClick={[Function]}
        >
          20
        </span>
        <span
          className="cuke-date-picker-item cuke-date-picker-current-month"
          key="current-date-20"
          onClick={[Function]}
        >
          21
        </span>
        <span
          className="cuke-date-picker-item cuke-date-picker-current-month"
          key="current-date-21"
          onClick={[Function]}
        >
          22
        </span>
        <span
          className="cuke-date-picker-item cuke-date-picker-current-month"
          key="current-date-22"
          onClick={[Function]}
        >
          23
        </span>
        <span
          className="cuke-date-picker-item cuke-date-picker-current-month"
          key="current-date-23"
          onClick={[Function]}
        >
          24
        </span>
        <span
          className="cuke-date-picker-item cuke-date-picker-current-month cuke-date-picker-selected-date"
          key="current-date-24"
          onClick={[Function]}
        >
          25
        </span>
        <span
          className="cuke-date-picker-item cuke-date-picker-current-month"
          key="current-date-25"
          onClick={[Function]}
        >
          26
        </span>
        <span
          className="cuke-date-picker-item cuke-date-picker-current-month"
          key="current-date-26"
          onClick={[Function]}
        >
          27
        </span>
        <span
          className="cuke-date-picker-item cuke-date-picker-current-month"
          key="current-date-27"
          onClick={[Function]}
        >
          28
        </span>
        <span
          className="cuke-date-picker-item cuke-date-picker-current-month"
          key="current-date-28"
          onClick={[Function]}
        >
          29
        </span>
        <span
          className="cuke-date-picker-item cuke-date-picker-current-month"
          key="current-date-29"
          onClick={[Function]}
        >
          30
        </span>
      </div>
      <div
        className="cuke-date-picker-footer cuke-date-picker-has-border"
      >
        <div
          className="cuke-date-picker-footer-today"
          onClick={[Function]}
        >
          今天
        </div>
        <div
          className="cuke-date-picker-footer-clear"
          onClick={[Function]}
        >
          清除
        </div>
      </div>
    </Spin>
  </div>
</div>
`;

exports[`<DatePicker/> should render a <DatePicker/> components 1`] = `
<div
  class="cuke-date-picker cuke-date-picker-position-bottom"
>
  <div
    class="cuke-date-picker-inner"
  >
    <input
      class="cuke-input cuke-date-picker-input"
      placeholder="请选择"
      readonly=""
      type="text"
      value=""
    />
    <svg
      class="cuke-date-picker-arrow"
      fill="none"
      height="1em"
      stroke="currentColor"
      stroke-linecap="round"
      stroke-linejoin="round"
      stroke-width="2"
      viewBox="0 0 24 24"
      width="1em"
    >
      <polyline
        points="6 9 12 15 18 9"
      />
    </svg>
  </div>
  <div
    class="cuke-date-picker-content cuke-date-picker-close cuke-ui-no-animate"
  >
    <div
      class="cuke-date-picker-header"
    >
      <span
        class="cuke-date-picker-date"
      >
        2019年   1月
      </span>
      <span
        class="cuke-date-picker-switch"
      >
        <span
          class="cuke-date-picker-switch-group"
        >
          <svg
            fill="none"
            height="1em"
            stroke="currentColor"
            stroke-linecap="round"
            stroke-linejoin="round"
            stroke-width="2"
            viewBox="0 0 24 24"
            width="1em"
          >
            <polyline
              points="15 18 9 12 15 6"
            />
          </svg>
        </span>
        <span
          class="cuke-date-picker-switch-group"
        >
          <svg
            fill="none"
            height="1em"
            stroke="currentColor"
            stroke-linecap="round"
            stroke-linejoin="round"
            stroke-width="2"
            viewBox="0 0 24 24"
            width="1em"
          >
            <polyline
              points="9 18 15 12 9 6"
            />
          </svg>
        </span>
      </span>
    </div>
    <div
      class="cuke-date-picker-items"
    >
      <div>
        <span
          class="cuke-date-picker-item cuke-date-picker-day-title"
        >
          Su
        </span>
        <span
          class="cuke-date-picker-item cuke-date-picker-day-title"
        >
          Mo
        </span>
        <span
          class="cuke-date-picker-item cuke-date-picker-day-title"
        >
          Tu
        </span>
        <span
          class="cuke-date-picker-item cuke-date-picker-day-title"
        >
          We
        </span>
        <span
          class="cuke-date-picker-item cuke-date-picker-day-title"
        >
          Th
        </span>
        <span
          class="cuke-date-picker-item cuke-date-picker-day-title"
        >
          Fr
        </span>
        <span
          class="cuke-date-picker-item cuke-date-picker-day-title"
        >
          Sa
        </span>
      </div>
      <span
        class="cuke-date-picker-item cuke-date-picker-last-month"
      >
        30
      </span>
      <span
        class="cuke-date-picker-item cuke-date-picker-last-month"
      >
        31
      </span>
      <span
        class="cuke-date-picker-item cuke-date-picker-current-month"
      >
        1
      </span>
      <span
        class="cuke-date-picker-item cuke-date-picker-current-month cuke-date-picker-selected-date"
      >
        2
      </span>
      <span
        class="cuke-date-picker-item cuke-date-picker-current-month"
      >
        3
      </span>
      <span
        class="cuke-date-picker-item cuke-date-picker-current-month"
      >
        4
      </span>
      <span
        class="cuke-date-picker-item cuke-date-picker-current-month"
      >
        5
      </span>
      <span
        class="cuke-date-picker-item cuke-date-picker-current-month"
      >
        6
      </span>
      <span
        class="cuke-date-picker-item cuke-date-picker-current-month"
      >
        7
      </span>
      <span
        class="cuke-date-picker-item cuke-date-picker-current-month"
      >
        8
      </span>
      <span
        class="cuke-date-picker-item cuke-date-picker-current-month"
      >
        9
      </span>
      <span
        class="cuke-date-picker-item cuke-date-picker-current-month"
      >
        10
      </span>
      <span
        class="cuke-date-picker-item cuke-date-picker-current-month"
      >
        11
      </span>
      <span
        class="cuke-date-picker-item cuke-date-picker-current-month"
      >
        12
      </span>
      <span
        class="cuke-date-picker-item cuke-date-picker-current-month"
      >
        13
      </span>
      <span
        class="cuke-date-picker-item cuke-date-picker-current-month"
      >
        14
      </span>
      <span
        class="cuke-date-picker-item cuke-date-picker-current-month"
      >
        15
      </span>
      <span
        class="cuke-date-picker-item cuke-date-picker-current-month"
      >
        16
      </span>
      <span
        class="cuke-date-picker-item cuke-date-picker-current-month"
      >
        17
      </span>
      <span
        class="cuke-date-picker-item cuke-date-picker-current-month"
      >
        18
      </span>
      <span
        class="cuke-date-picker-item cuke-date-picker-current-month"
      >
        19
      </span>
      <span
        class="cuke-date-picker-item cuke-date-picker-current-month"
      >
        20
      </span>
      <span
        class="cuke-date-picker-item cuke-date-picker-current-month"
      >
        21
      </span>
      <span
        class="cuke-date-picker-item cuke-date-picker-current-month"
      >
        22
      </span>
      <span
        class="cuke-date-picker-item cuke-date-picker-current-month"
      >
        23
      </span>
      <span
        class="cuke-date-picker-item cuke-date-picker-current-month"
      >
        24
      </span>
      <span
        class="cuke-date-picker-item cuke-date-picker-current-month"
      >
        25
      </span>
      <span
        class="cuke-date-picker-item cuke-date-picker-current-month"
      >
        26
      </span>
      <span
        class="cuke-date-picker-item cuke-date-picker-current-month"
      >
        27
      </span>
      <span
        class="cuke-date-picker-item cuke-date-picker-current-month"
      >
        28
      </span>
      <span
        class="cuke-date-picker-item cuke-date-picker-current-month"
      >
        29
      </span>
      <span
        class="cuke-date-picker-item cuke-date-picker-current-month"
      >
        30
      </span>
      <span
        class="cuke-date-picker-item cuke-date-picker-current-month"
      >
        31
      </span>
      <span
        class="cuke-date-picker-item cuke-date-picker-next-month"
      >
         1
      </span>
      <span
        class="cuke-date-picker-item cuke-date-picker-next-month"
      >
         2
      </span>
    </div>
    <div
      class="cuke-date-picker-footer cuke-date-picker-has-border"
    >
      <div
        class="cuke-date-picker-footer-today"
      >
        今天
      </div>
      <div
        class="cuke-date-picker-footer-clear"
      >
        清除
      </div>
    </div>
  </div>
</div>
`;
