// Jest Snapshot v1, https://goo.gl/fbAQLP

exports[`<Tooltip/> should find cuke-tooltip classnames 1`] = `
<div
  className="cuke-tooltip"
  onMouseEnter={[Function]}
  onMouseLeave={[Function]}
>
  <TooltipPortal
    getPopupContainer={[Function]}
    onChange={[Function]}
  >
    <div
      className="cuke-tooltip-wrapper cuke-tooltip-position-top cuke-tooltip-dark cuke-tooltip-hide cuke-ui-no-animate"
      onMouseEnter={[Function]}
      onMouseLeave={[Function]}
      style={
        Object {
          "left": 0,
          "top": 0,
        }
      }
    >
      黄瓜ui
    </div>
  </TooltipPortal>
  <span
    className="cuke-tooltip-trigger-wrapper"
  >
    <span>
       鼠标放上来 
    </span>
  </span>
</div>
`;

exports[`<Tooltip/> should render a <Tooltip/> components 1`] = `
<div>
  <div
    class="cuke-tooltip"
  >
    <div
      class="cuke-tooltip-wrapper cuke-tooltip-position-top cuke-tooltip-dark cuke-tooltip-hide cuke-ui-no-animate"
      style="left:0;top:0"
    >
      黄瓜ui
    </div>
    <span
      class="cuke-tooltip-trigger-wrapper"
    >
      <span>
         鼠标放上来 
      </span>
    </span>
  </div>
  <div
    class="cuke-tooltip"
  >
    <div
      class="cuke-tooltip-wrapper cuke-tooltip-position-top cuke-tooltip-dark cuke-tooltip-hide cuke-ui-no-animate"
      style="left:0;top:0"
    >
      黄瓜ui
    </div>
    <span
      class="cuke-tooltip-trigger-wrapper"
    >
      <button
        class="cuke-button cuke-button-default cuke-button-normal"
        type="button"
      >
        <span>
          上
        </span>
      </button>
    </span>
  </div>
  <div
    class="cuke-tooltip"
    style="margin:0 10px"
  >
    <div
      class="cuke-tooltip-wrapper cuke-tooltip-position-bottom cuke-tooltip-dark cuke-tooltip-hide cuke-ui-no-animate"
      style="left:0;top:0"
    >
      黄瓜ui
    </div>
    <span
      class="cuke-tooltip-trigger-wrapper"
    >
      <button
        class="cuke-button cuke-button-default cuke-button-normal"
        type="button"
      >
        <span>
          下
        </span>
      </button>
    </span>
  </div>
  <div
    class="cuke-tooltip"
    style="margin:0 10px"
  >
    <div
      class="cuke-tooltip-wrapper cuke-tooltip-position-left cuke-tooltip-dark cuke-tooltip-hide cuke-ui-no-animate"
      style="left:0;top:0"
    >
      黄瓜ui
    </div>
    <span
      class="cuke-tooltip-trigger-wrapper"
    >
      <button
        class="cuke-button cuke-button-default cuke-button-normal"
        type="button"
      >
        <span>
          左
        </span>
      </button>
    </span>
  </div>
  <div
    class="cuke-tooltip"
  >
    <div
      class="cuke-tooltip-wrapper cuke-tooltip-position-right cuke-tooltip-dark cuke-tooltip-hide cuke-ui-no-animate"
      style="left:0;top:0"
    >
      黄瓜ui
    </div>
    <span
      class="cuke-tooltip-trigger-wrapper"
    >
      <button
        class="cuke-button cuke-button-default cuke-button-normal"
        type="button"
      >
        <span>
          右
        </span>
      </button>
    </span>
  </div>
</div>
`;

exports[`<Tooltip/> should render custom position 1`] = `
<div>
  <Tooltip
    disabled={false}
    getPopupContainer={[Function]}
    hiddenArrow={false}
    onVisibleChange={[Function]}
    position="top"
    prefixCls="cuke-tooltip"
    theme="dark"
    title="黄瓜ui"
    trigger="hover"
  >
    <Button
      block={false}
      circle={false}
      dashed={false}
      disabled={false}
      hollow={false}
      href=""
      htmlType="button"
      loading={false}
      prefixCls="cuke-button"
      size="default"
      type="default"
    >
      上
    </Button>
  </Tooltip>
  <Tooltip
    disabled={false}
    getPopupContainer={[Function]}
    hiddenArrow={false}
    onVisibleChange={[Function]}
    position="bottom"
    prefixCls="cuke-tooltip"
    theme="dark"
    title="黄瓜ui"
    trigger="hover"
  >
    <Button
      block={false}
      circle={false}
      dashed={false}
      disabled={false}
      hollow={false}
      href=""
      htmlType="button"
      loading={false}
      prefixCls="cuke-button"
      size="default"
      type="default"
    >
      下
    </Button>
  </Tooltip>
  <Tooltip
    disabled={false}
    getPopupContainer={[Function]}
    hiddenArrow={false}
    onVisibleChange={[Function]}
    position="left"
    prefixCls="cuke-tooltip"
    theme="dark"
    title="黄瓜ui"
    trigger="hover"
  >
    <Button
      block={false}
      circle={false}
      dashed={false}
      disabled={false}
      hollow={false}
      href=""
      htmlType="button"
      loading={false}
      prefixCls="cuke-button"
      size="default"
      type="default"
    >
      左
    </Button>
  </Tooltip>
  <Tooltip
    disabled={false}
    getPopupContainer={[Function]}
    hiddenArrow={false}
    onVisibleChange={[Function]}
    position="right"
    prefixCls="cuke-tooltip"
    theme="dark"
    title="黄瓜ui"
    trigger="hover"
  >
    <Button
      block={false}
      circle={false}
      dashed={false}
      disabled={false}
      hollow={false}
      href=""
      htmlType="button"
      loading={false}
      prefixCls="cuke-button"
      size="default"
      type="default"
    >
      右
    </Button>
  </Tooltip>
</div>
`;
